[INFO] Scanning for projects...
[WARNING] 
[WARNING] Some problems were encountered while building the effective model for com.centresportifets:athlets-backend:jar:0.0.1-SNAPSHOT
[WARNING] 'dependencies.dependency.(groupId:artifactId:type:classifier)' must be unique: org.apache.poi:poi-ooxml:jar -> duplicate declaration of version 5.4.1 @ line 91, column 15
[WARNING] 
[WARNING] It is highly recommended to fix these problems because they threaten the stability of your build.
[WARNING] 
[WARNING] For this reason, future Maven versions might no longer support building such malformed projects.
[WARNING] 
[INFO] 
[INFO] ----------------< com.centresportifets:athlets-backend >----------------
[INFO] Building athlets-backend 0.0.1-SNAPSHOT
[INFO]   from pom.xml
[INFO] --------------------------------[ jar ]---------------------------------
[INFO] 
[INFO] >>> spring-boot:4.0.6:run (default-cli) > test-compile @ athlets-backend >>>
[INFO] 
[INFO] --- resources:3.3.1:resources (default-resources) @ athlets-backend ---
[INFO] Copying 1 resource from src\main\resources to target\classes
[INFO] Copying 2 resources from src\main\resources to target\classes
[INFO] 
[INFO] --- compiler:3.14.1:compile (default-compile) @ athlets-backend ---
[INFO] Nothing to compile - all classes are up to date.
[INFO] 
[INFO] --- resources:3.3.1:testResources (default-testResources) @ athlets-backend ---
[INFO] skip non existing resourceDirectory C:\Users\mambe\LOG430\Athlets-back-end\src\test\resources
[INFO] 
[INFO] --- compiler:3.14.1:testCompile (default-testCompile) @ athlets-backend ---
[INFO] Nothing to compile - all classes are up to date.
[INFO] 
[INFO] <<< spring-boot:4.0.6:run (default-cli) < test-compile @ athlets-backend <<<
[INFO] 
[INFO] 
[INFO] --- spring-boot:4.0.6:run (default-cli) @ athlets-backend ---
[INFO] Attaching agents: []

  .   ____          _            __ _ _
 /\\ / ___'_ __ _ _(_)_ __  __ _ \ \ \ \
( ( )\___ | '_ | '_| | '_ \/ _` | \ \ \ \
 \\/  ___)| |_)| | | | | || (_| |  ) ) ) )
  '  |____| .__|_| |_|_| |_\__, | / / / /
 =========|_|==============|___/=/_/_/_/

 :: Spring Boot ::                (v4.0.6)

2026-08-26T18:46:22.806-04:00  INFO 27000 --- [athlets-backend] [  restartedMain] c.c.a.AthletsBackendApplication          : Starting AthletsBackendApplication using Java 21.0.11 with PID 27000 (C:\Users\mambe\LOG430\Athlets-back-end\target\classes started by mambe in C:\Users\mambe\LOG430\Athlets-back-end)
2026-08-26T18:46:22.811-04:00  INFO 27000 --- [athlets-backend] [  restartedMain] c.c.a.AthletsBackendApplication          : No active profile set, falling back to 1 default profile: "default"
2026-08-26T18:46:22.896-04:00  INFO 27000 --- [athlets-backend] [  restartedMain] .e.DevToolsPropertyDefaultsPostProcessor : Devtools property defaults active! Set 'spring.devtools.add-properties' to 'false' to disable
2026-08-26T18:46:22.897-04:00  INFO 27000 --- [athlets-backend] [  restartedMain] .e.DevToolsPropertyDefaultsPostProcessor : For additional web related logging consider setting the 'logging.level.web' property to 'DEBUG'
2026-08-26T18:46:22.933-04:00  INFO 27000 --- [athlets-backend] [  restartedMain] .s.b.d.c.l.DockerComposeLifecycleManager : Using Docker Compose file C:\Users\mambe\LOG430\Athlets-back-end\docker-compose.yml
2026-08-26T18:46:24.694-04:00  INFO 27000 --- [athlets-backend] [  restartedMain] .s.b.d.c.l.DockerComposeLifecycleManager : There are already Docker Compose services running, skipping startup
2026-08-26T18:46:26.082-04:00  INFO 27000 --- [athlets-backend] [  restartedMain] .s.d.r.c.RepositoryConfigurationDelegate : Bootstrapping Spring Data JPA repositories in DEFAULT mode.
2026-08-26T18:46:26.339-04:00  INFO 27000 --- [athlets-backend] [  restartedMain] .s.d.r.c.RepositoryConfigurationDelegate : Finished Spring Data repository scanning in 239 ms. Found 22 JPA repository interfaces.
2026-08-26T18:46:27.580-04:00  INFO 27000 --- [athlets-backend] [  restartedMain] o.s.boot.tomcat.TomcatWebServer          : Tomcat initialized with port 8080 (http)
2026-08-26T18:46:27.609-04:00  INFO 27000 --- [athlets-backend] [  restartedMain] o.apache.catalina.core.StandardService   : Starting service [Tomcat]
2026-08-26T18:46:27.610-04:00  INFO 27000 --- [athlets-backend] [  restartedMain] o.apache.catalina.core.StandardEngine    : Starting Servlet engine: [Apache Tomcat/11.0.21]
2026-08-26T18:46:27.692-04:00  INFO 27000 --- [athlets-backend] [  restartedMain] b.w.c.s.WebApplicationContextInitializer : Root WebApplicationContext: initialization completed in 2986 ms
2026-08-26T18:46:28.064-04:00  INFO 27000 --- [athlets-backend] [  restartedMain] org.hibernate.orm.jpa                    : HHH008540: Processing PersistenceUnitInfo [name: default]
2026-08-26T18:46:28.184-04:00  INFO 27000 --- [athlets-backend] [  restartedMain] org.hibernate.orm.core                   : HHH000001: Hibernate ORM core version 7.2.12.Final
2026-08-26T18:46:29.050-04:00  INFO 27000 --- [athlets-backend] [  restartedMain] o.s.o.j.p.SpringPersistenceUnitInfo      : No LoadTimeWeaver setup: ignoring JPA class transformer
2026-08-26T18:46:29.114-04:00  INFO 27000 --- [athlets-backend] [  restartedMain] com.zaxxer.hikari.HikariDataSource       : HikariPool-1 - Starting...
2026-08-26T18:46:29.407-04:00  INFO 27000 --- [athlets-backend] [  restartedMain] com.zaxxer.hikari.pool.HikariPool        : HikariPool-1 - Added connection org.postgresql.jdbc.PgConnection@68b4f7c5
2026-08-26T18:46:29.411-04:00  INFO 27000 --- [athlets-backend] [  restartedMain] com.zaxxer.hikari.HikariDataSource       : HikariPool-1 - Start completed.
2026-08-26T18:46:29.552-04:00  INFO 27000 --- [athlets-backend] [  restartedMain] org.hibernate.orm.connections.pooling    : HHH10001005: Database info:
	Database JDBC URL [jdbc:postgresql://127.0.0.1:5432/athlete_tracker_dev?ApplicationName=athlets-backend]
	Database driver: PostgreSQL JDBC Driver
	Database dialect: PostgreSQLDialect
	Database version: 15.18
	Default catalog/schema: athlete_tracker_dev/public
	Autocommit mode: undefined/unknown
	Isolation level: READ_COMMITTED [default READ_COMMITTED]
	JDBC fetch size: none
	Pool: DataSourceConnectionProvider
	Minimum pool size: undefined/unknown
	Maximum pool size: undefined/unknown
2026-08-26T18:46:32.520-04:00  INFO 27000 --- [athlets-backend] [  restartedMain] org.hibernate.orm.core                   : HHH000489: No JTA platform available (set 'hibernate.transaction.jta.platform' to enable JTA platform integration)
2026-08-26T18:46:32.541-04:00  INFO 27000 --- [athlets-backend] [  restartedMain] j.LocalContainerEntityManagerFactoryBean : Initialized JPA EntityManagerFactory for persistence unit 'default'
2026-08-26T18:46:32.783-04:00  INFO 27000 --- [athlets-backend] [  restartedMain] o.s.d.j.r.query.QueryEnhancerFactories   : Hibernate is in classpath; If applicable, HQL parser will be used.
2026-08-26T18:46:35.056-04:00  INFO 27000 --- [athlets-backend] [  restartedMain] c.c.athlets_backend.email.EmailService   : Microsoft Graph email sending is disabled.
2026-08-26T18:46:35.953-04:00  WARN 27000 --- [athlets-backend] [  restartedMain] JpaBaseConfiguration$JpaWebConfiguration : spring.jpa.open-in-view is enabled by default. Therefore, database queries may be performed during view rendering. Explicitly configure spring.jpa.open-in-view to disable this warning
2026-08-26T18:46:36.027-04:00  WARN 27000 --- [athlets-backend] [  restartedMain] .s.a.UserDetailsServiceAutoConfiguration : 

Using generated security password: 7b10c821-92d1-456a-9e58-d181fcc3f7f7

This generated password is for development use only. Your security configuration must be updated before running your application in production.

2026-08-26T18:46:36.043-04:00  INFO 27000 --- [athlets-backend] [  restartedMain] r$InitializeUserDetailsManagerConfigurer : Global AuthenticationManager configured with UserDetailsService bean with name inMemoryUserDetailsManager
2026-08-26T18:46:36.413-04:00  INFO 27000 --- [athlets-backend] [  restartedMain] o.s.v.b.OptionalValidatorFactoryBean     : Failed to set up a Bean Validation provider: jakarta.validation.NoProviderFoundException: Unable to create a Configuration, because no Jakarta Validation provider could be found. Add a provider like Hibernate Validator (RI) to your classpath.
2026-08-26T18:46:37.316-04:00 DEBUG 27000 --- [athlets-backend] [  restartedMain] o.s.jdbc.datasource.init.ScriptUtils     : Executing SQL script from file [C:\Users\mambe\LOG430\Athlets-back-end\target\classes\schema.sql]
2026-08-26T18:46:37.347-04:00 DEBUG 27000 --- [athlets-backend] [  restartedMain] o.s.jdbc.datasource.init.ScriptUtils     : 0 returned as update count for SQL: DROP TABLE IF EXISTS Battery_Test CASCADE
2026-08-26T18:46:37.362-04:00 DEBUG 27000 --- [athlets-backend] [  restartedMain] o.s.jdbc.datasource.init.ScriptUtils     : 0 returned as update count for SQL: DROP TABLE IF EXISTS Battery CASCADE
2026-08-26T18:46:37.377-04:00 DEBUG 27000 --- [athlets-backend] [  restartedMain] o.s.jdbc.datasource.init.ScriptUtils     : 0 returned as update count for SQL: DROP TABLE IF EXISTS Result_Value CASCADE
2026-08-26T18:46:37.394-04:00 DEBUG 27000 --- [athlets-backend] [  restartedMain] o.s.jdbc.datasource.init.ScriptUtils     : 0 returned as update count for SQL: DROP TABLE IF EXISTS Result CASCADE
2026-08-26T18:46:37.407-04:00 DEBUG 27000 --- [athlets-backend] [  restartedMain] o.s.jdbc.datasource.init.ScriptUtils     : 0 returned as update count for SQL: DROP TABLE IF EXISTS Test_Equipment CASCADE
2026-08-26T18:46:37.416-04:00 DEBUG 27000 --- [athlets-backend] [  restartedMain] o.s.jdbc.datasource.init.ScriptUtils     : 0 returned as update count for SQL: DROP TABLE IF EXISTS Equipment CASCADE
2026-08-26T18:46:37.427-04:00 DEBUG 27000 --- [athlets-backend] [  restartedMain] o.s.jdbc.datasource.init.ScriptUtils     : 0 returned as update count for SQL: DROP TABLE IF EXISTS Result_Type CASCADE
2026-08-26T18:46:37.443-04:00 DEBUG 27000 --- [athlets-backend] [  restartedMain] o.s.jdbc.datasource.init.ScriptUtils     : 0 returned as update count for SQL: DROP TABLE IF EXISTS Tests CASCADE
2026-08-26T18:46:37.454-04:00 DEBUG 27000 --- [athlets-backend] [  restartedMain] o.s.jdbc.datasource.init.ScriptUtils     : 0 returned as update count for SQL: DROP TABLE IF EXISTS Unit_Measure CASCADE
2026-08-26T18:46:37.463-04:00 DEBUG 27000 --- [athlets-backend] [  restartedMain] o.s.jdbc.datasource.init.ScriptUtils     : 0 returned as update count for SQL: DROP TABLE IF EXISTS Physical_Quality CASCADE
2026-08-26T18:46:37.471-04:00 DEBUG 27000 --- [athlets-backend] [  restartedMain] o.s.jdbc.datasource.init.ScriptUtils     : SQLWarning ignored: SQL state '00000', error code '0', message [table "result" does not exist, skipping]
2026-08-26T18:46:37.472-04:00 DEBUG 27000 --- [athlets-backend] [  restartedMain] o.s.jdbc.datasource.init.ScriptUtils     : 0 returned as update count for SQL: DROP TABLE IF EXISTS Result CASCADE
2026-08-26T18:46:37.476-04:00 DEBUG 27000 --- [athlets-backend] [  restartedMain] o.s.jdbc.datasource.init.ScriptUtils     : SQLWarning ignored: SQL state '00000', error code '0', message [table "test" does not exist, skipping]
2026-08-26T18:46:37.476-04:00 DEBUG 27000 --- [athlets-backend] [  restartedMain] o.s.jdbc.datasource.init.ScriptUtils     : 0 returned as update count for SQL: DROP TABLE IF EXISTS Test CASCADE
2026-08-26T18:46:37.478-04:00 DEBUG 27000 --- [athlets-backend] [  restartedMain] o.s.jdbc.datasource.init.ScriptUtils     : SQLWarning ignored: SQL state '00000', error code '0', message [table "test_battery" does not exist, skipping]
2026-08-26T18:46:37.479-04:00 DEBUG 27000 --- [athlets-backend] [  restartedMain] o.s.jdbc.datasource.init.ScriptUtils     : 0 returned as update count for SQL: DROP TABLE IF EXISTS Test_Battery CASCADE
2026-08-26T18:46:37.491-04:00 DEBUG 27000 --- [athlets-backend] [  restartedMain] o.s.jdbc.datasource.init.ScriptUtils     : 0 returned as update count for SQL: DROP TABLE IF EXISTS Athlete_Team CASCADE
2026-08-26T18:46:37.501-04:00 DEBUG 27000 --- [athlets-backend] [  restartedMain] o.s.jdbc.datasource.init.ScriptUtils     : 0 returned as update count for SQL: DROP TABLE IF EXISTS Kine_Team CASCADE
2026-08-26T18:46:37.519-04:00 DEBUG 27000 --- [athlets-backend] [  restartedMain] o.s.jdbc.datasource.init.ScriptUtils     : SQLWarning ignored: SQL state '00000', error code '0', message [drop cascades to 2 other objects]
2026-08-26T18:46:37.520-04:00 DEBUG 27000 --- [athlets-backend] [  restartedMain] o.s.jdbc.datasource.init.ScriptUtils     : 0 returned as update count for SQL: DROP TABLE IF EXISTS Athlete CASCADE
2026-08-26T18:46:37.533-04:00 DEBUG 27000 --- [athlets-backend] [  restartedMain] o.s.jdbc.datasource.init.ScriptUtils     : 0 returned as update count for SQL: DROP TABLE IF EXISTS Coach CASCADE
2026-08-26T18:46:37.546-04:00 DEBUG 27000 --- [athlets-backend] [  restartedMain] o.s.jdbc.datasource.init.ScriptUtils     : 0 returned as update count for SQL: DROP TABLE IF EXISTS Kine CASCADE
2026-08-26T18:46:37.560-04:00 DEBUG 27000 --- [athlets-backend] [  restartedMain] o.s.jdbc.datasource.init.ScriptUtils     : SQLWarning ignored: SQL state '00000', error code '0', message [drop cascades to 2 other objects]
2026-08-26T18:46:37.561-04:00 DEBUG 27000 --- [athlets-backend] [  restartedMain] o.s.jdbc.datasource.init.ScriptUtils     : 0 returned as update count for SQL: DROP TABLE IF EXISTS Team CASCADE
2026-08-26T18:46:37.571-04:00 DEBUG 27000 --- [athlets-backend] [  restartedMain] o.s.jdbc.datasource.init.ScriptUtils     : 0 returned as update count for SQL: DROP TABLE IF EXISTS Administrator CASCADE
2026-08-26T18:46:37.585-04:00 DEBUG 27000 --- [athlets-backend] [  restartedMain] o.s.jdbc.datasource.init.ScriptUtils     : 0 returned as update count for SQL: DROP TABLE IF EXISTS Account_Token CASCADE
2026-08-26T18:46:37.597-04:00 DEBUG 27000 --- [athlets-backend] [  restartedMain] o.s.jdbc.datasource.init.ScriptUtils     : 0 returned as update count for SQL: DROP TABLE IF EXISTS User_Account CASCADE
2026-08-26T18:46:37.608-04:00 DEBUG 27000 --- [athlets-backend] [  restartedMain] o.s.jdbc.datasource.init.ScriptUtils     : 0 returned as update count for SQL: DROP TABLE IF EXISTS Group_Table CASCADE
2026-08-26T18:46:37.620-04:00 DEBUG 27000 --- [athlets-backend] [  restartedMain] o.s.jdbc.datasource.init.ScriptUtils     : SQLWarning ignored: SQL state '00000', error code '0', message [drop cascades to constraint fk_atd_discipline on table athlete_team_discipline]
2026-08-26T18:46:37.621-04:00 DEBUG 27000 --- [athlets-backend] [  restartedMain] o.s.jdbc.datasource.init.ScriptUtils     : 0 returned as update count for SQL: DROP TABLE IF EXISTS Discipline CASCADE
2026-08-26T18:46:37.635-04:00 DEBUG 27000 --- [athlets-backend] [  restartedMain] o.s.jdbc.datasource.init.ScriptUtils     : SQLWarning ignored: SQL state '00000', error code '0', message [drop cascades to constraint fk_atp_position on table athlete_team_position]
2026-08-26T18:46:37.636-04:00 DEBUG 27000 --- [athlets-backend] [  restartedMain] o.s.jdbc.datasource.init.ScriptUtils     : 0 returned as update count for SQL: DROP TABLE IF EXISTS Position CASCADE
2026-08-26T18:46:37.645-04:00 DEBUG 27000 --- [athlets-backend] [  restartedMain] o.s.jdbc.datasource.init.ScriptUtils     : 0 returned as update count for SQL: DROP TABLE IF EXISTS Sport CASCADE
2026-08-26T18:46:37.647-04:00 DEBUG 27000 --- [athlets-backend] [  restartedMain] o.s.jdbc.datasource.init.ScriptUtils     : SQLWarning ignored: SQL state '00000', error code '0', message [table "test_sport" does not exist, skipping]
2026-08-26T18:46:37.647-04:00 DEBUG 27000 --- [athlets-backend] [  restartedMain] o.s.jdbc.datasource.init.ScriptUtils     : 0 returned as update count for SQL: DROP TABLE IF EXISTS Test_Sport CASCADE
2026-08-26T18:46:37.656-04:00 DEBUG 27000 --- [athlets-backend] [  restartedMain] o.s.jdbc.datasource.init.ScriptUtils     : 0 returned as update count for SQL: DROP TABLE IF EXISTS athlete_team_position CASCADE
2026-08-26T18:46:37.665-04:00 DEBUG 27000 --- [athlets-backend] [  restartedMain] o.s.jdbc.datasource.init.ScriptUtils     : 0 returned as update count for SQL: DROP TABLE IF EXISTS athlete_team_discipline CASCADE
2026-08-26T18:46:37.681-04:00 DEBUG 27000 --- [athlets-backend] [  restartedMain] o.s.jdbc.datasource.init.ScriptUtils     : 0 returned as update count for SQL: CREATE TABLE Sport ( id SERIAL PRIMARY KEY, name VARCHAR(100) NOT NULL )
2026-08-26T18:46:37.702-04:00 DEBUG 27000 --- [athlets-backend] [  restartedMain] o.s.jdbc.datasource.init.ScriptUtils     : 0 returned as update count for SQL: CREATE TABLE Position ( id SERIAL PRIMARY KEY, sport_id INT NOT NULL, name VARCHAR(100) NOT NULL, CONSTRAINT fk_position_sport FOREIGN KEY (sport_id) REFERENCES Sport(id) ON DELETE CASCADE, CONSTRAINT uq_position_sport_name UNIQUE (sport_id, name) )
2026-08-26T18:46:37.723-04:00 DEBUG 27000 --- [athlets-backend] [  restartedMain] o.s.jdbc.datasource.init.ScriptUtils     : 0 returned as update count for SQL: CREATE TABLE Discipline ( id SERIAL PRIMARY KEY, sport_id INT NOT NULL, name VARCHAR(100) NOT NULL, CONSTRAINT fk_discipline_sport FOREIGN KEY (sport_id) REFERENCES Sport(id) ON DELETE CASCADE, CONSTRAINT uq_discipline_sport_name UNIQUE (sport_id, name) )
2026-08-26T18:46:37.736-04:00 DEBUG 27000 --- [athlets-backend] [  restartedMain] o.s.jdbc.datasource.init.ScriptUtils     : 0 returned as update count for SQL: CREATE TABLE Group_Table ( id SERIAL PRIMARY KEY, name VARCHAR(25) NOT NULL )
2026-08-26T18:46:37.771-04:00 DEBUG 27000 --- [athlets-backend] [  restartedMain] o.s.jdbc.datasource.init.ScriptUtils     : 0 returned as update count for SQL: CREATE TABLE User_Account ( id SERIAL PRIMARY KEY, first_name VARCHAR(50) NOT NULL, last_name VARCHAR(50) NOT NULL, email VARCHAR(254) UNIQUE NOT NULL, phone VARCHAR(20), username VARCHAR(50) UNIQUE NOT NULL, password VARCHAR(255) NOT NULL, account_status VARCHAR(15) NOT NULL DEFAULT 'Active', account_creation_date DATE NOT NULL DEFAULT CURRENT_DATE, access_level INT NOT NULL, CONSTRAINT chk_account_status CHECK (account_status IN ('Active', 'Inactive','Pending')), CONSTRAINT chk_access_level CHECK (access_level IN (1, 2, 3, 4)), CONSTRAINT uq_user_and_role UNIQUE (id, access_level) )
2026-08-26T18:46:37.789-04:00 DEBUG 27000 --- [athlets-backend] [  restartedMain] o.s.jdbc.datasource.init.ScriptUtils     : 0 returned as update count for SQL: CREATE TABLE Account_Token ( id SERIAL PRIMARY KEY, user_id INT NOT NULL, token VARCHAR(255) UNIQUE NOT NULL, type VARCHAR(30) NOT NULL, expires_at TIMESTAMP NOT NULL, used_at TIMESTAMP, created_at TIMESTAMP NOT NULL DEFAULT CURRENT_TIMESTAMP, CONSTRAINT fk_account_token_user FOREIGN KEY (user_id) REFERENCES User_Account(id) ON DELETE CASCADE, CONSTRAINT chk_account_token_type CHECK (type IN ('ACTIVATION', 'PASSWORD_RESET')) )
2026-08-26T18:46:37.803-04:00 DEBUG 27000 --- [athlets-backend] [  restartedMain] o.s.jdbc.datasource.init.ScriptUtils     : 0 returned as update count for SQL: CREATE TABLE Administrator ( user_id INT PRIMARY KEY, access_level INT NOT NULL DEFAULT 1, title VARCHAR(50), CONSTRAINT chk_is_admin CHECK (access_level = 1), CONSTRAINT fk_admin_user FOREIGN KEY (user_id, access_level) REFERENCES User_Account(id, access_level) ON DELETE CASCADE )
2026-08-26T18:46:37.823-04:00 DEBUG 27000 --- [athlets-backend] [  restartedMain] o.s.jdbc.datasource.init.ScriptUtils     : 0 returned as update count for SQL: CREATE TABLE Team ( id SERIAL PRIMARY KEY, sport_id INT NOT NULL, name VARCHAR(50) NOT NULL UNIQUE, CONSTRAINT fk_team_sport FOREIGN KEY (sport_id) REFERENCES Sport(id) )
2026-08-26T18:46:37.840-04:00 DEBUG 27000 --- [athlets-backend] [  restartedMain] o.s.jdbc.datasource.init.ScriptUtils     : 0 returned as update count for SQL: CREATE TABLE Coach ( user_id INT PRIMARY KEY, access_level INT NOT NULL DEFAULT 2, sport_id INT, team_id INT, title VARCHAR(50), is_head_coach BOOLEAN, CONSTRAINT chk_is_coach CHECK (access_level = 2), CONSTRAINT fk_coach_user FOREIGN KEY (user_id, access_level) REFERENCES User_Account(id, access_level) ON DELETE CASCADE, CONSTRAINT fk_coach_sport FOREIGN KEY (sport_id) REFERENCES Sport(id), CONSTRAINT fk_coach_team FOREIGN KEY (team_id) REFERENCES Team(id) )
2026-08-26T18:46:37.854-04:00 DEBUG 27000 --- [athlets-backend] [  restartedMain] o.s.jdbc.datasource.init.ScriptUtils     : 0 returned as update count for SQL: CREATE TABLE Kine ( user_id INT PRIMARY KEY, access_level INT NOT NULL DEFAULT 4, CONSTRAINT chk_is_kine CHECK (access_level = 4), CONSTRAINT fk_kine_user FOREIGN KEY (user_id, access_level) REFERENCES User_Account(id, access_level) ON DELETE CASCADE )
2026-08-26T18:46:37.868-04:00 DEBUG 27000 --- [athlets-backend] [  restartedMain] o.s.jdbc.datasource.init.ScriptUtils     : 0 returned as update count for SQL: CREATE TABLE Kine_Team ( user_id INT, team_id INT, PRIMARY KEY (user_id, team_id), CONSTRAINT fk_kine_user_id FOREIGN KEY (user_id) REFERENCES User_Account(id) ON DELETE CASCADE, CONSTRAINT fk_kine_team_id FOREIGN KEY (team_id) REFERENCES Team(id) ON DELETE CASCADE )
2026-08-26T18:46:37.887-04:00 DEBUG 27000 --- [athlets-backend] [  restartedMain] o.s.jdbc.datasource.init.ScriptUtils     : 0 returned as update count for SQL: CREATE TABLE Athlete ( user_id INT PRIMARY KEY, access_level INT NOT NULL DEFAULT 3, birth_date DATE NOT NULL, gender VARCHAR(10) NOT NULL, height_meters INT, weight_kg NUMERIC(4,1), dominant_arm VARCHAR(8), dominant_leg VARCHAR(6), injury_history TEXT, CONSTRAINT chk_is_athlete CHECK (access_level = 3), CONSTRAINT fk_athlete_user FOREIGN KEY (user_id, access_level) REFERENCES User_Account(id, access_level) ON DELETE CASCADE, CONSTRAINT chk_gender CHECK (gender IN ('Female', 'Male')), CONSTRAINT chk_arm CHECK (dominant_arm IN ('Right', 'Left')), CONSTRAINT chk_leg CHECK (dominant_leg IN ('Right', 'Left')) )
2026-08-26T18:46:37.900-04:00 DEBUG 27000 --- [athlets-backend] [  restartedMain] o.s.jdbc.datasource.init.ScriptUtils     : 0 returned as update count for SQL: CREATE TABLE Athlete_Team ( athlete_id INT NOT NULL, team_id INT NOT NULL, PRIMARY KEY (athlete_id, team_id), CONSTRAINT fk_athlete_team_athlete FOREIGN KEY (athlete_id) REFERENCES Athlete(user_id) ON DELETE CASCADE, CONSTRAINT fk_athlete_team_team FOREIGN KEY (team_id) REFERENCES Team(id) ON DELETE CASCADE )
2026-08-26T18:46:37.920-04:00 DEBUG 27000 --- [athlets-backend] [  restartedMain] o.s.jdbc.datasource.init.ScriptUtils     : 0 returned as update count for SQL: CREATE TABLE Athlete_Team_Position ( id SERIAL PRIMARY KEY, athlete_id INT NOT NULL, team_id INT NOT NULL, position_id INT NOT NULL, CONSTRAINT fk_atp_athlete FOREIGN KEY (athlete_id) REFERENCES Athlete(user_id) ON DELETE CASCADE, CONSTRAINT fk_atp_team FOREIGN KEY (team_id) REFERENCES Team(id) ON DELETE CASCADE, CONSTRAINT fk_atp_position FOREIGN KEY (position_id) REFERENCES Position(id) ON DELETE CASCADE, CONSTRAINT uq_athlete_team_position UNIQUE (athlete_id, team_id, position_id) )
2026-08-26T18:46:37.943-04:00 DEBUG 27000 --- [athlets-backend] [  restartedMain] o.s.jdbc.datasource.init.ScriptUtils     : 0 returned as update count for SQL: CREATE TABLE Athlete_Team_Discipline ( id SERIAL PRIMARY KEY, athlete_id INT NOT NULL, team_id INT NOT NULL, discipline_id INT NOT NULL, CONSTRAINT fk_atd_athlete FOREIGN KEY (athlete_id) REFERENCES Athlete(user_id) ON DELETE CASCADE, CONSTRAINT fk_atd_team FOREIGN KEY (team_id) REFERENCES Team(id) ON DELETE CASCADE, CONSTRAINT fk_atd_discipline FOREIGN KEY (discipline_id) REFERENCES Discipline(id) ON DELETE CASCADE, CONSTRAINT uq_athlete_team_discipline UNIQUE (athlete_id, team_id, discipline_id) )
2026-08-26T18:46:37.965-04:00 DEBUG 27000 --- [athlets-backend] [  restartedMain] o.s.jdbc.datasource.init.ScriptUtils     : 0 returned as update count for SQL: CREATE TABLE Physical_Quality ( id_physical_quality SERIAL PRIMARY KEY, name VARCHAR(100) NOT NULL CONSTRAINT uq_physical_quality_name UNIQUE, description VARCHAR(500) )
2026-08-26T18:46:37.985-04:00 DEBUG 27000 --- [athlets-backend] [  restartedMain] o.s.jdbc.datasource.init.ScriptUtils     : 0 returned as update count for SQL: CREATE TABLE Unit_Measure ( id_unit SERIAL PRIMARY KEY, name VARCHAR(100) NOT NULL CONSTRAINT uq_unit_measure_name UNIQUE, symbole VARCHAR(20) NOT NULL CONSTRAINT uq_unit_measure_symbole UNIQUE )
2026-08-26T18:46:38.011-04:00 DEBUG 27000 --- [athlets-backend] [  restartedMain] o.s.jdbc.datasource.init.ScriptUtils     : 0 returned as update count for SQL: CREATE TABLE Tests ( id_test SERIAL PRIMARY KEY, id_physical_quality INT NOT NULL, test_name VARCHAR(100) NOT NULL CONSTRAINT uq_tests_name UNIQUE, protocole TEXT NOT NULL, supervised BOOLEAN DEFAULT FALSE NOT NULL, informations TEXT, proof_required BOOLEAN DEFAULT FALSE NOT NULL, CONSTRAINT fk_tests_physical_quality FOREIGN KEY (id_physical_quality) REFERENCES Physical_Quality(id_physical_quality) )
2026-08-26T18:46:38.041-04:00 DEBUG 27000 --- [athlets-backend] [  restartedMain] o.s.jdbc.datasource.init.ScriptUtils     : 0 returned as update count for SQL: CREATE TABLE Result_Type ( id_result_type SERIAL PRIMARY KEY, id_test INT NOT NULL, id_unit_measure INT NOT NULL, name VARCHAR(200) NOT NULL, data_type VARCHAR(20) DEFAULT 'DECIMAL' NOT NULL, CONSTRAINT fk_result_type_test FOREIGN KEY (id_test) REFERENCES Tests(id_test) ON DELETE CASCADE, CONSTRAINT fk_result_type_unit FOREIGN KEY (id_unit_measure) REFERENCES Unit_Measure(id_unit), CONSTRAINT uq_result_type_test_name UNIQUE (id_test, name), CONSTRAINT ck_result_type_type CHECK ( data_type IN ( 'INTEGER', 'DECIMAL', 'TEXT', 'BOOLEAN' ) ) )
2026-08-26T18:46:38.057-04:00 DEBUG 27000 --- [athlets-backend] [  restartedMain] o.s.jdbc.datasource.init.ScriptUtils     : 0 returned as update count for SQL: CREATE TABLE Equipment ( id_equipment SERIAL PRIMARY KEY, name_equipment VARCHAR(100) NOT NULL CONSTRAINT uq_equipment_name UNIQUE )
2026-08-26T18:46:38.073-04:00 DEBUG 27000 --- [athlets-backend] [  restartedMain] o.s.jdbc.datasource.init.ScriptUtils     : 0 returned as update count for SQL: CREATE TABLE Test_Equipment ( id_test INT NOT NULL, id_equipment INT NOT NULL, required_quantity INT DEFAULT 1 NOT NULL, CONSTRAINT pk_test_equipment PRIMARY KEY (id_test, id_equipment), CONSTRAINT fk_test_equipment_test FOREIGN KEY (id_test) REFERENCES Tests(id_test) ON DELETE CASCADE, CONSTRAINT fk_test_equipment_equipment FOREIGN KEY (id_equipment) REFERENCES Equipment(id_equipment), CONSTRAINT ck_test_equipment_quantity CHECK (required_quantity >= 1) )
2026-08-26T18:46:38.095-04:00 DEBUG 27000 --- [athlets-backend] [  restartedMain] o.s.jdbc.datasource.init.ScriptUtils     : 0 returned as update count for SQL: CREATE TABLE Result ( id_result SERIAL PRIMARY KEY, id_test INT NOT NULL, id_athlete INT NOT NULL, id_intervenant INT, proof VARCHAR(500), status VARCHAR(20) DEFAULT 'Assigned' NOT NULL, comment TEXT, date_result DATE DEFAULT CURRENT_DATE NOT NULL, CONSTRAINT fk_result_test FOREIGN KEY (id_test) REFERENCES Tests(id_test), CONSTRAINT fk_result_athlete FOREIGN KEY (id_athlete) REFERENCES Athlete(user_id), CONSTRAINT fk_result_intervenant FOREIGN KEY (id_intervenant) REFERENCES User_Account(id), CONSTRAINT ck_result_status CHECK ( status IN ( 'Assigned', 'Accepted', 'Rejected', 'Pending approval' ) ) )
2026-08-26T18:46:38.115-04:00 DEBUG 27000 --- [athlets-backend] [  restartedMain] o.s.jdbc.datasource.init.ScriptUtils     : 0 returned as update count for SQL: CREATE TABLE Result_Value ( id_result_value SERIAL PRIMARY KEY, id_result INT NOT NULL, id_result_type INT NOT NULL, value NUMERIC(10,2) NOT NULL, CONSTRAINT fk_value_result_result FOREIGN KEY (id_result) REFERENCES Result(id_result) ON DELETE CASCADE, CONSTRAINT fk_value_result_type FOREIGN KEY (id_result_type) REFERENCES Result_Type(id_result_type), CONSTRAINT uq_valeur_result_result_type UNIQUE (id_result, id_result_type) )
2026-08-26T18:46:38.134-04:00 DEBUG 27000 --- [athlets-backend] [  restartedMain] o.s.jdbc.datasource.init.ScriptUtils     : 0 returned as update count for SQL: CREATE TABLE Battery ( id_battery SERIAL PRIMARY KEY, id_team INT NOT NULL, name_battery VARCHAR(100) NOT NULL, status BOOLEAN DEFAULT FALSE NOT NULL, CONSTRAINT fk_battery_team FOREIGN KEY (id_team) REFERENCES Team(id), CONSTRAINT uq_battery_team_name UNIQUE (id_team, name_battery) )
2026-08-26T18:46:38.149-04:00 DEBUG 27000 --- [athlets-backend] [  restartedMain] o.s.jdbc.datasource.init.ScriptUtils     : 0 returned as update count for SQL: CREATE TABLE Battery_Test ( id_battery INT NOT NULL, id_test INT NOT NULL, CONSTRAINT pk_battery_test PRIMARY KEY (id_battery, id_test), CONSTRAINT fk_battery FOREIGN KEY (id_battery) REFERENCES Battery(id_battery) ON DELETE CASCADE, CONSTRAINT fk_test FOREIGN KEY (id_test) REFERENCES Tests(id_test) )
2026-08-26T18:46:38.153-04:00 DEBUG 27000 --- [athlets-backend] [  restartedMain] o.s.jdbc.datasource.init.ScriptUtils     : Executed SQL script from file [C:\Users\mambe\LOG430\Athlets-back-end\target\classes\schema.sql] in 828 ms.
2026-08-26T18:46:38.155-04:00 DEBUG 27000 --- [athlets-backend] [  restartedMain] o.s.jdbc.datasource.init.ScriptUtils     : Executing SQL script from file [C:\Users\mambe\LOG430\Athlets-back-end\target\classes\data.sql]
2026-08-26T18:46:38.279-04:00 DEBUG 27000 --- [athlets-backend] [  restartedMain] o.s.jdbc.datasource.init.ScriptUtils     : SQLWarning ignored: SQL state '00000', error code '0', message [truncate cascades to table "account_token"]
2026-08-26T18:46:38.280-04:00 DEBUG 27000 --- [athlets-backend] [  restartedMain] o.s.jdbc.datasource.init.ScriptUtils     : SQLWarning ignored: SQL state '00000', error code '0', message [truncate cascades to table "administrator"]
2026-08-26T18:46:38.280-04:00 DEBUG 27000 --- [athlets-backend] [  restartedMain] o.s.jdbc.datasource.init.ScriptUtils     : SQLWarning ignored: SQL state '00000', error code '0', message [truncate cascades to table "coach"]
2026-08-26T18:46:38.280-04:00 DEBUG 27000 --- [athlets-backend] [  restartedMain] o.s.jdbc.datasource.init.ScriptUtils     : SQLWarning ignored: SQL state '00000', error code '0', message [truncate cascades to table "kine"]
2026-08-26T18:46:38.281-04:00 DEBUG 27000 --- [athlets-backend] [  restartedMain] o.s.jdbc.datasource.init.ScriptUtils     : SQLWarning ignored: SQL state '00000', error code '0', message [truncate cascades to table "kine_team"]
2026-08-26T18:46:38.281-04:00 DEBUG 27000 --- [athlets-backend] [  restartedMain] o.s.jdbc.datasource.init.ScriptUtils     : SQLWarning ignored: SQL state '00000', error code '0', message [truncate cascades to table "athlete"]
2026-08-26T18:46:38.282-04:00 DEBUG 27000 --- [athlets-backend] [  restartedMain] o.s.jdbc.datasource.init.ScriptUtils     : SQLWarning ignored: SQL state '00000', error code '0', message [truncate cascades to table "result"]
2026-08-26T18:46:38.282-04:00 DEBUG 27000 --- [athlets-backend] [  restartedMain] o.s.jdbc.datasource.init.ScriptUtils     : SQLWarning ignored: SQL state '00000', error code '0', message [truncate cascades to table "athlete_team"]
2026-08-26T18:46:38.283-04:00 DEBUG 27000 --- [athlets-backend] [  restartedMain] o.s.jdbc.datasource.init.ScriptUtils     : SQLWarning ignored: SQL state '00000', error code '0', message [truncate cascades to table "athlete_team_position"]
2026-08-26T18:46:38.283-04:00 DEBUG 27000 --- [athlets-backend] [  restartedMain] o.s.jdbc.datasource.init.ScriptUtils     : SQLWarning ignored: SQL state '00000', error code '0', message [truncate cascades to table "athlete_team_discipline"]
2026-08-26T18:46:38.283-04:00 DEBUG 27000 --- [athlets-backend] [  restartedMain] o.s.jdbc.datasource.init.ScriptUtils     : SQLWarning ignored: SQL state '00000', error code '0', message [truncate cascades to table "result_value"]
2026-08-26T18:46:38.283-04:00 DEBUG 27000 --- [athlets-backend] [  restartedMain] o.s.jdbc.datasource.init.ScriptUtils     : 0 returned as update count for SQL: TRUNCATE TABLE User_Account CASCADE
2026-08-26T18:46:38.373-04:00 DEBUG 27000 --- [athlets-backend] [  restartedMain] o.s.jdbc.datasource.init.ScriptUtils     : SQLWarning ignored: SQL state '00000', error code '0', message [truncate cascades to table "position"]
2026-08-26T18:46:38.374-04:00 DEBUG 27000 --- [athlets-backend] [  restartedMain] o.s.jdbc.datasource.init.ScriptUtils     : SQLWarning ignored: SQL state '00000', error code '0', message [truncate cascades to table "discipline"]
2026-08-26T18:46:38.374-04:00 DEBUG 27000 --- [athlets-backend] [  restartedMain] o.s.jdbc.datasource.init.ScriptUtils     : SQLWarning ignored: SQL state '00000', error code '0', message [truncate cascades to table "team"]
2026-08-26T18:46:38.375-04:00 DEBUG 27000 --- [athlets-backend] [  restartedMain] o.s.jdbc.datasource.init.ScriptUtils     : SQLWarning ignored: SQL state '00000', error code '0', message [truncate cascades to table "coach"]
2026-08-26T18:46:38.375-04:00 DEBUG 27000 --- [athlets-backend] [  restartedMain] o.s.jdbc.datasource.init.ScriptUtils     : SQLWarning ignored: SQL state '00000', error code '0', message [truncate cascades to table "kine_team"]
2026-08-26T18:46:38.376-04:00 DEBUG 27000 --- [athlets-backend] [  restartedMain] o.s.jdbc.datasource.init.ScriptUtils     : SQLWarning ignored: SQL state '00000', error code '0', message [truncate cascades to table "athlete_team"]
2026-08-26T18:46:38.376-04:00 DEBUG 27000 --- [athlets-backend] [  restartedMain] o.s.jdbc.datasource.init.ScriptUtils     : SQLWarning ignored: SQL state '00000', error code '0', message [truncate cascades to table "athlete_team_position"]
2026-08-26T18:46:38.376-04:00 DEBUG 27000 --- [athlets-backend] [  restartedMain] o.s.jdbc.datasource.init.ScriptUtils     : SQLWarning ignored: SQL state '00000', error code '0', message [truncate cascades to table "athlete_team_discipline"]
2026-08-26T18:46:38.376-04:00 DEBUG 27000 --- [athlets-backend] [  restartedMain] o.s.jdbc.datasource.init.ScriptUtils     : SQLWarning ignored: SQL state '00000', error code '0', message [truncate cascades to table "battery"]
2026-08-26T18:46:38.376-04:00 DEBUG 27000 --- [athlets-backend] [  restartedMain] o.s.jdbc.datasource.init.ScriptUtils     : SQLWarning ignored: SQL state '00000', error code '0', message [truncate cascades to table "battery_test"]
2026-08-26T18:46:38.377-04:00 DEBUG 27000 --- [athlets-backend] [  restartedMain] o.s.jdbc.datasource.init.ScriptUtils     : 0 returned as update count for SQL: TRUNCATE TABLE Sport CASCADE
2026-08-26T18:46:38.387-04:00 DEBUG 27000 --- [athlets-backend] [  restartedMain] o.s.jdbc.datasource.init.ScriptUtils     : 0 returned as update count for SQL: TRUNCATE TABLE Group_Table CASCADE
2026-08-26T18:46:38.392-04:00 DEBUG 27000 --- [athlets-backend] [  restartedMain] o.s.jdbc.datasource.init.ScriptUtils     : 8 returned as update count for SQL: INSERT INTO Sport (name) VALUES ('Volleyball'), ('Athlétisme'), ('Rugby'), ('Hockey'), ('Cross-Country'), ('Flag-Football'), ('Badminton'), ('Golf')
2026-08-26T18:46:38.404-04:00 DEBUG 27000 --- [athlets-backend] [  restartedMain] o.s.jdbc.datasource.init.ScriptUtils     : 29 returned as update count for SQL: INSERT INTO Position (sport_id, name) VALUES ((SELECT id FROM Sport WHERE name = 'Flag-Football'), 'Quart-arrière'), ((SELECT id FROM Sport WHERE name = 'Flag-Football'), 'Centre/snapper'), ((SELECT id FROM Sport WHERE name = 'Flag-Football'), 'Receveur'), ((SELECT id FROM Sport WHERE name = 'Flag-Football'), 'Porteur de ballon'), ((SELECT id FROM Sport WHERE name = 'Flag-Football'), 'Rusher'), ((SELECT id FROM Sport WHERE name = 'Flag-Football'), 'Demi défensif'), ((SELECT id FROM Sport WHERE name = 'Flag-Football'), 'Safety'), ((SELECT id FROM Sport WHERE name = 'Flag-Football'), 'Linebacker'), ((SELECT id FROM Sport WHERE name = 'Hockey'), 'Gardien'), ((SELECT id FROM Sport WHERE name = 'Hockey'), 'Défenseur gauche'), ((SELECT id FROM Sport WHERE name = 'Hockey'), 'Défenseur droit'), ((SELECT id FROM Sport WHERE name = 'Hockey'), 'Centre'), ((SELECT id FROM Sport WHERE name = 'Hockey'), 'Ailier gauche'), ((SELECT id FROM Sport WHERE name = 'Hockey'), 'Ailier droit'), ((SELECT id FROM Sport WHERE name = 'Rugby'), 'Pilier'), ((SELECT id FROM Sport WHERE name = 'Rugby'), 'Talonneur'), ((SELECT id FROM Sport WHERE name = 'Rugby'), 'Deuxième ligne'), ((SELECT id FROM Sport WHERE name = 'Rugby'), 'Troisième ligne'), ((SELECT id FROM Sport WHERE name = 'Rugby'), 'Demi de mêlée'), ((SELECT id FROM Sport WHERE name = 'Rugby'), 'Demi d’ouverture'), ((SELECT id FROM Sport WHERE name = 'Rugby'), 'Centre'), ((SELECT id FROM Sport WHERE name = 'Rugby'), 'Ailier'), ((SELECT id FROM Sport WHERE name = 'Rugby'), 'Arrière'), ((SELECT id FROM Sport WHERE name = 'Volleyball'), 'Passeur'), ((SELECT id FROM Sport WHERE name = 'Volleyball'), 'Attaquant extérieur'), ((SELECT id FROM Sport WHERE name = 'Volleyball'), 'Opposé'), ((SELECT id FROM Sport WHERE name = 'Volleyball'), 'Central'), ((SELECT id FROM Sport WHERE name = 'Volleyball'), 'Libéro'), ((SELECT id FROM Sport WHERE name = 'Volleyball'), 'Spécialiste défensif')
2026-08-26T18:46:38.411-04:00 DEBUG 27000 --- [athlets-backend] [  restartedMain] o.s.jdbc.datasource.init.ScriptUtils     : 13 returned as update count for SQL: INSERT INTO Discipline (sport_id, name) VALUES ((SELECT id FROM Sport WHERE name = 'Athlétisme'), 'Sprint'), ((SELECT id FROM Sport WHERE name = 'Athlétisme'), 'Demi-fond'), ((SELECT id FROM Sport WHERE name = 'Athlétisme'), 'Fond'), ((SELECT id FROM Sport WHERE name = 'Athlétisme'), 'Haies'), ((SELECT id FROM Sport WHERE name = 'Athlétisme'), 'Saut en longueur'), ((SELECT id FROM Sport WHERE name = 'Athlétisme'), 'Saut en hauteur'), ((SELECT id FROM Sport WHERE name = 'Athlétisme'), 'Triple saut'), ((SELECT id FROM Sport WHERE name = 'Athlétisme'), 'Saut à la perche'), ((SELECT id FROM Sport WHERE name = 'Athlétisme'), 'Lancer du poids'), ((SELECT id FROM Sport WHERE name = 'Athlétisme'), 'Lancer du disque'), ((SELECT id FROM Sport WHERE name = 'Athlétisme'), 'Lancer du javelot'), ((SELECT id FROM Sport WHERE name = 'Athlétisme'), 'Lancer du marteau'), ((SELECT id FROM Sport WHERE name = 'Athlétisme'), 'Épreuves combinées')
2026-08-26T18:46:38.417-04:00 DEBUG 27000 --- [athlets-backend] [  restartedMain] o.s.jdbc.datasource.init.ScriptUtils     : 3 returned as update count for SQL: INSERT INTO Group_Table (name) VALUES ('Elite Men'), ('Elite Women'), ('Development')
2026-08-26T18:46:38.425-04:00 DEBUG 27000 --- [athlets-backend] [  restartedMain] o.s.jdbc.datasource.init.ScriptUtils     : 22 returned as update count for SQL: INSERT INTO User_Account (first_name, last_name, email, phone, username, password, account_status, access_level) VALUES ('Zacharie', 'Morin', 'zmorin0@etsmtl.ca', '514-555-0101', 'zmorin0', '$2a$10$z5IAiKe5qGL8VdSEutXZA.UbLnugSqxufxEK4H4QQ2k0R6Mdgop7y', 'Active', 1), ('A.', 'Bun', 'abun0@etsmtl.ca', NULL, 'abun0', '$2a$10$z5IAiKe5qGL8VdSEutXZA.UbLnugSqxufxEK4H4QQ2k0R6Mdgop7y', 'Active', 1), ('M.', 'Ambeault', 'mambeault0@etsmtl.ca', NULL, 'mambeault0', '$2a$10$z5IAiKe5qGL8VdSEutXZA.UbLnugSqxufxEK4H4QQ2k0R6Mdgop7y', 'Active', 1), ('E.', 'Laforce', 'elaforce0@etsmtl.ca', NULL, 'elaforce0', '$2a$10$z5IAiKe5qGL8VdSEutXZA.UbLnugSqxufxEK4H4QQ2k0R6Mdgop7y', 'Active', 1), ('L.', 'Seguin', 'lseguin0@etsmtl.ca', NULL, 'lseguin0', '$2a$10$z5IAiKe5qGL8VdSEutXZA.UbLnugSqxufxEK4H4QQ2k0R6Mdgop7y', 'Active', 1), ('Coach', 'Volleyball', 'coach.volleyball@etsmtl.ca', NULL, 'coach-volleyball', '$2a$10$z5IAiKe5qGL8VdSEutXZA.UbLnugSqxufxEK4H4QQ2k0R6Mdgop7y', 'Active', 2), ('Coach2', 'Volleyball', 'coach2.volleyball@etsmtl.ca', NULL, 'coach-volleyball2', '$2a$10$z5IAiKe5qGL8VdSEutXZA.UbLnugSqxufxEK4H4QQ2k0R6Mdgop7y', 'Active', 2), ('Coach3', 'Volleyball', 'coach3.volleyball@etsmtl.ca', NULL, 'coach-volleyball3', '$2a$10$z5IAiKe5qGL8VdSEutXZA.UbLnugSqxufxEK4H4QQ2k0R6Mdgop7y', 'Active', 2), ('Coach', 'Athlétisme', 'coach.athletisme@etsmtl.ca', NULL, 'coach-athletics', '$2a$10$z5IAiKe5qGL8VdSEutXZA.UbLnugSqxufxEK4H4QQ2k0R6Mdgop7y', 'Active', 2), ('Coach', 'SecondairePourAthlétisme', 'coach.athletisme2@etsmtl.ca', NULL, 'coach-athletics2', '$2a$10$z5IAiKe5qGL8VdSEutXZA.UbLnugSqxufxEK4H4QQ2k0R6Mdgop7y', 'Active', 2), ('Coach', 'Rugby', 'coach.rugby@etsmtl.ca', NULL, 'coach-rugby', '$2a$10$z5IAiKe5qGL8VdSEutXZA.UbLnugSqxufxEK4H4QQ2k0R6Mdgop7y', 'Active', 2), ('Coach', 'Hockey', 'coach.hockey@etsmtl.ca', NULL, 'coach-hockey', '$2a$10$z5IAiKe5qGL8VdSEutXZA.UbLnugSqxufxEK4H4QQ2k0R6Mdgop7y', 'Active', 2), ('Coach', 'Cross-Country', 'coach.crosscountry@etsmtl.ca', NULL, 'coach-cross-country', '$2a$10$z5IAiKe5qGL8VdSEutXZA.UbLnugSqxufxEK4H4QQ2k0R6Mdgop7y', 'Active', 2), ('Coach', 'Flag-Football', 'coach.flagfootball@etsmtl.ca', NULL, 'coach-flag-football', '$2a$10$z5IAiKe5qGL8VdSEutXZA.UbLnugSqxufxEK4H4QQ2k0R6Mdgop7y', 'Active', 2), ('Coach', 'Badminton', 'coach.badminton@etsmtl.ca', NULL, 'coach-badminton', '$2a$10$z5IAiKe5qGL8VdSEutXZA.UbLnugSqxufxEK4H4QQ2k0R6Mdgop7y', 'Active', 2), ('Track', 'User1', 'trackuser1@etsmtl.ca', '514-555-0101', 'trackUser1', '$2a$10$zJbaow2rXTObDtnNmcgbdu9.ufmVcTo6JRAypSkTAetF6HoLAkGva', 'Active', 3), ('Track', 'User2', 'trackuser2@etsmtl.ca', '514-555-0102', 'trackUser2', '$2a$10$zJbaow2rXTObDtnNmcgbdu9.ufmVcTo6JRAypSkTAetF6HoLAkGva', 'Active', 3), ('Track', 'User3', 'trackuser3@etsmtl.ca', '438-555-0103', 'trackUser3', '$2a$10$zJbaow2rXTObDtnNmcgbdu9.ufmVcTo6JRAypSkTAetF6HoLAkGva', 'Active', 3), ('Kiné', 'Siologue', 'kine@etsmtl.ca', NULL, 'kine', '$2a$10$zJbaow2rXTObDtnNmcgbdu9.ufmVcTo6JRAypSkTAetF6HoLAkGva', 'Active', 4), ('Martin', 'MattLekinesiologue', 'martin@etsmtl.ca', NULL, 'martinkine', '$2a$10$zJbaow2rXTObDtnNmcgbdu9.ufmVcTo6JRAypSkTAetF6HoLAkGva', 'Active', 4), ('LP', 'Maiscestunkinesiologue', 'lp@etsmtl.ca', NULL, 'lpkine', '$2a$10$zJbaow2rXTObDtnNmcgbdu9.ufmVcTo6JRAypSkTAetF6HoLAkGva', 'Active', 4), ('Senspasbon', 'Lekinequipue', 'ilpue@etsmtl.ca', NULL, 'senspasbon', '$2a$10$zJbaow2rXTObDtnNmcgbdu9.ufmVcTo6JRAypSkTAetF6HoLAkGva', 'Active', 4)
2026-08-26T18:46:38.431-04:00 DEBUG 27000 --- [athlets-backend] [  restartedMain] o.s.jdbc.datasource.init.ScriptUtils     : 5 returned as update count for SQL: INSERT INTO Administrator (user_id, access_level, title) VALUES ((SELECT id FROM User_Account WHERE username = 'zmorin0'), 1, 'Head System Administrator'), ((SELECT id FROM User_Account WHERE username = 'abun0'), 1, 'Data Coordinator'), ((SELECT id FROM User_Account WHERE username = 'mambeault0'), 1, 'Operations Manager'), ((SELECT id FROM User_Account WHERE username = 'elaforce0'), 1, 'Technical Director'), ((SELECT id FROM User_Account WHERE username = 'lseguin0'), 1, 'Support Specialist')
2026-08-26T18:46:38.439-04:00 DEBUG 27000 --- [athlets-backend] [  restartedMain] o.s.jdbc.datasource.init.ScriptUtils     : 7 returned as update count for SQL: INSERT INTO Team (sport_id, name) VALUES ((SELECT id FROM Sport WHERE name = 'Volleyball'), 'Piranhas Volleyball'), ((SELECT id FROM Sport WHERE name = 'Athlétisme'), 'Piranhas Athlétisme'), ((SELECT id FROM Sport WHERE name = 'Rugby'), 'Piranhas Rugby'), ((SELECT id FROM Sport WHERE name = 'Hockey'), 'Piranhas Hockey'), ((SELECT id FROM Sport WHERE name = 'Cross-Country'), 'Piranhas Cross-Country'), ((SELECT id FROM Sport WHERE name = 'Flag-Football'), 'Piranhas Flag-Football'), ((SELECT id FROM Sport WHERE name = 'Badminton'), 'Piranhas Badminton')
2026-08-26T18:46:38.451-04:00 DEBUG 27000 --- [athlets-backend] [  restartedMain] o.s.jdbc.datasource.init.ScriptUtils     : 8 returned as update count for SQL: INSERT INTO Coach (user_id, access_level, sport_id, team_id, title, is_head_coach) VALUES ((SELECT id FROM User_Account WHERE username = 'coach-volleyball'), 2, (SELECT id FROM Sport WHERE name = 'Volleyball'), (SELECT id FROM Team WHERE name = 'Piranhas Volleyball'), 'Head Volleyball Coach', true), ((SELECT id FROM User_Account WHERE username = 'coach-athletics'), 2, (SELECT id FROM Sport WHERE name = 'Athlétisme'), (SELECT id FROM Team WHERE name = 'Piranhas Athlétisme'), 'Head Track & Field Coach', true), ((SELECT id FROM User_Account WHERE username = 'coach-athletics2'), 2, (SELECT id FROM Sport WHERE name = 'Athlétisme'), (SELECT id FROM Team WHERE name = 'Piranhas Athlétisme'), 'Head Track & Field Coach', false), ((SELECT id FROM User_Account WHERE username = 'coach-rugby'), 2, (SELECT id FROM Sport WHERE name = 'Rugby'), (SELECT id FROM Team WHERE name = 'Piranhas Rugby'), 'Head Rugby Coach', true), ((SELECT id FROM User_Account WHERE username = 'coach-hockey'), 2, (SELECT id FROM Sport WHERE name = 'Hockey'), (SELECT id FROM Team WHERE name = 'Piranhas Hockey'), 'Head Hockey Coach', true), ((SELECT id FROM User_Account WHERE username = 'coach-cross-country'), 2, (SELECT id FROM Sport WHERE name = 'Cross-Country'), (SELECT id FROM Team WHERE name = 'Piranhas Cross-Country'), 'Head XC Coach', true), ((SELECT id FROM User_Account WHERE username = 'coach-flag-football'), 2, (SELECT id FROM Sport WHERE name = 'Flag-Football'), (SELECT id FROM Team WHERE name = 'Piranhas Flag-Football'), 'Head Flag-Football Coach', true), ((SELECT id FROM User_Account WHERE username = 'coach-badminton'), 2, (SELECT id FROM Sport WHERE name = 'Badminton'), (SELECT id FROM Team WHERE name = 'Piranhas Badminton'), 'Head Badminton Coach', true)
2026-08-26T18:46:38.457-04:00 DEBUG 27000 --- [athlets-backend] [  restartedMain] o.s.jdbc.datasource.init.ScriptUtils     : 4 returned as update count for SQL: INSERT INTO Kine (user_id, access_level) VALUES ((SELECT id FROM User_Account WHERE username = 'kine'), 4), ((SELECT id FROM User_Account WHERE username = 'martinkine'), 4), ((SELECT id FROM User_Account WHERE username = 'lpkine'), 4), ((SELECT id FROM User_Account WHERE username = 'senspasbon'), 4)
2026-08-26T18:46:38.463-04:00 DEBUG 27000 --- [athlets-backend] [  restartedMain] o.s.jdbc.datasource.init.ScriptUtils     : 3 returned as update count for SQL: INSERT INTO Athlete (user_id, access_level, birth_date, gender, height_meters, weight_kg, dominant_arm, dominant_leg, injury_history) VALUES ((SELECT id FROM User_Account WHERE username = 'trackUser1'), 3, '2002-03-11', 'Male', 2, 74.0, 'Right', 'Right', 'None'), ((SELECT id FROM User_Account WHERE username = 'trackUser2'), 3, '2003-07-22', 'Female', 1, 61.2, 'Left', 'Right', 'Slight hamstring pull 2025'), ((SELECT id FROM User_Account WHERE username = 'trackUser3'), 3, '2002-11-05', 'Male', 2, 80.1, 'Right', 'Left', 'None')
2026-08-26T18:46:38.471-04:00 DEBUG 27000 --- [athlets-backend] [  restartedMain] o.s.jdbc.datasource.init.ScriptUtils     : 4 returned as update count for SQL: INSERT INTO Athlete_Team (athlete_id, team_id) VALUES ((SELECT id FROM User_Account WHERE username = 'trackUser1'), (SELECT id FROM Team WHERE name = 'Piranhas Athlétisme')), ((SELECT id FROM User_Account WHERE username = 'trackUser1'), (SELECT id FROM Team WHERE name = 'Piranhas Cross-Country')), ((SELECT id FROM User_Account WHERE username = 'trackUser2'), (SELECT id FROM Team WHERE name = 'Piranhas Athlétisme')), ((SELECT id FROM User_Account WHERE username = 'trackUser3'), (SELECT id FROM Team WHERE name = 'Piranhas Athlétisme'))
2026-08-26T18:46:38.477-04:00 DEBUG 27000 --- [athlets-backend] [  restartedMain] o.s.jdbc.datasource.init.ScriptUtils     : 3 returned as update count for SQL: INSERT INTO Athlete_Team_Discipline (athlete_id, team_id, discipline_id) VALUES ((SELECT id FROM User_Account WHERE username = 'trackUser1'), (SELECT id FROM Team WHERE name = 'Piranhas Athlétisme'), (SELECT id FROM Discipline WHERE name = 'Sprint')), ((SELECT id FROM User_Account WHERE username = 'trackUser1'), (SELECT id FROM Team WHERE name = 'Piranhas Athlétisme'), (SELECT id FROM Discipline WHERE name = 'Haies')), ((SELECT id FROM User_Account WHERE username = 'trackUser1'), (SELECT id FROM Team WHERE name = 'Piranhas Athlétisme'), (SELECT id FROM Discipline WHERE name = 'Saut en longueur'))
2026-08-26T18:46:38.486-04:00 DEBUG 27000 --- [athlets-backend] [  restartedMain] o.s.jdbc.datasource.init.ScriptUtils     : 4 returned as update count for SQL: INSERT INTO Kine_Team (user_id, team_id) VALUES ((SELECT id FROM User_Account WHERE username = 'kine'), (SELECT id FROM Team WHERE name = 'Piranhas Athlétisme')), ((SELECT id FROM User_Account WHERE username = 'kine'), (SELECT id FROM Team WHERE name = 'Piranhas Cross-Country')), ((SELECT id FROM User_Account WHERE username = 'martinkine'), (SELECT id FROM Team WHERE name = 'Piranhas Athlétisme')), ((SELECT id FROM User_Account WHERE username = 'lpkine'), (SELECT id FROM Team WHERE name = 'Piranhas Cross-Country'))
2026-08-26T18:46:38.492-04:00 DEBUG 27000 --- [athlets-backend] [  restartedMain] o.s.jdbc.datasource.init.ScriptUtils     : 17 returned as update count for SQL: INSERT INTO Unit_Measure (name, symbole) VALUES ('Kilogramme', 'kg'), ('Centimètre', 'cm'), ('Seconde', 's'), ('Minute', 'min'), ('Heure', 'h'), ('Répétition', 'rep'), ('Pourcentage', '%'), ('Watt', 'W'), ('Pouce', 'po'), ('Mètre', 'm'), ('Livre', 'lb'), ('Newton-seconde', 'N.s'), ('Newton par kilogramme', 'N/kg'), ('Watt par kilogramme', 'W/kg'), ('Kilomètre par heure', 'km/h'), ('Mètre par seconde', 'm/s'), ('Battement par minute', 'bpm')
2026-08-26T18:46:38.497-04:00 DEBUG 27000 --- [athlets-backend] [  restartedMain] o.s.jdbc.datasource.init.ScriptUtils     : 12 returned as update count for SQL: INSERT INTO Physical_Quality (name) VALUES ('Force maximale des membres inférieurs'), ('Force maximale des membres supérieurs'), ('Puissance verticale'), ('Puissance horizontale'), ('Vitesse'), ('Agilité'), ('Endurance anaérobie'), ('Composition corporelle'), ('Endurance aérobie'), ('Mobilité'), ('Équilibre'), ('Coordination')
2026-08-26T18:46:38.503-04:00 DEBUG 27000 --- [athlets-backend] [  restartedMain] o.s.jdbc.datasource.init.ScriptUtils     : 7 returned as update count for SQL: INSERT INTO Equipment (name_equipment) VALUES ('Barre olympique et disques'), ('Chronameètre électronique'), ('Cônes de marquage'), ('Mètre ruban'), ('Boîte de souplesse (Sit & Reach)'), ('Tapis de sol'), ('Tapis roulant')
2026-08-26T18:46:38.509-04:00 DEBUG 27000 --- [athlets-backend] [  restartedMain] o.s.jdbc.datasource.init.ScriptUtils     : 5 returned as update count for SQL: INSERT INTO Tests (id_physical_quality, test_name, protocole, supervised, informations, proof_required) VALUES (1, '1RM Back Squat', 'Soulever le poids maximal sur une répétition avec une amplitude complète (cuisses parallèles au sol).', TRUE, 'Échauffement progressif obligatoire avant les essais.', TRUE), (2, 'Test Léger-Boucher (Beep Test)', 'Course navette de 20m à vitesse progressive guidée par des bips sonores jusqu''à épuisement.', TRUE, 'Prévoir une surface antidérapante.', FALSE), (3, 'Sprint 30m', 'Course en ligne droite sur 30m départ arrêté. Measure du temps total.', FALSE, 'Utiliser idéalement des cellules photoélectriques.', TRUE), (4, 'Pro Agility 5-10-5', 'Course latérale de 5 verges à droite, 10 verges à gauche, et retour au centre.', FALSE, 'Changements de direction francs.', FALSE), (5, 'Sit and Reach', 'Flexion du tronc vers l''avant en position assise, jambes tendues contre la boîte de measure.', FALSE, 'Garder les genoux parfaitement tendus.', FALSE)
2026-08-26T18:46:38.515-04:00 DEBUG 27000 --- [athlets-backend] [  restartedMain] o.s.jdbc.datasource.init.ScriptUtils     : 6 returned as update count for SQL: INSERT INTO Result_Type (id_test, id_unit_measure, name, data_type) VALUES (1, 1, 'Poids maximal levé', 'DECIMAL'), (2, 3, 'Palier atteint', 'INTEGER'), (2, 6, 'Fréquence cardiaque max', 'INTEGER'), (3, 2, 'Temps total 30m', 'DECIMAL'), (4, 2, 'Temps de parcours', 'DECIMAL'), (5, 4, 'Distance atteinte', 'DECIMAL')
2026-08-26T18:46:38.523-04:00 DEBUG 27000 --- [athlets-backend] [  restartedMain] o.s.jdbc.datasource.init.ScriptUtils     : 7 returned as update count for SQL: INSERT INTO Test_Equipment (id_test, id_equipment, required_quantity) VALUES (1, 1, 1), (2, 3, 4), (3, 2, 1), (3, 3, 2), (3, 4, 1), (4, 3, 3), (5, 5, 1)
2026-08-26T18:46:38.528-04:00 DEBUG 27000 --- [athlets-backend] [  restartedMain] o.s.jdbc.datasource.init.ScriptUtils     : 3 returned as update count for SQL: INSERT INTO Battery (id_team, name_battery, status) VALUES ((SELECT id FROM Team WHERE name = 'Piranhas Athlétisme'), 'Évaluation Physique Début de Saison', TRUE), ((SELECT id FROM Team WHERE name = 'Piranhas Athlétisme'), 'Test de Puissance & Vitesse', TRUE), ((SELECT id FROM Team WHERE name = 'Piranhas Volleyball'), 'Batterie Initiale Volleyball', FALSE)
2026-08-26T18:46:38.537-04:00 DEBUG 27000 --- [athlets-backend] [  restartedMain] o.s.jdbc.datasource.init.ScriptUtils     : 5 returned as update count for SQL: INSERT INTO Battery_Test (id_battery, id_test) VALUES ((SELECT id_battery FROM Battery WHERE name_battery = 'Évaluation Physique Début de Saison'), (SELECT id_test FROM Tests WHERE test_name = '1RM Back Squat')), ((SELECT id_battery FROM Battery WHERE name_battery = 'Évaluation Physique Début de Saison'), (SELECT id_test FROM Tests WHERE test_name = 'Test Léger-Boucher (Beep Test)')), ((SELECT id_battery FROM Battery WHERE name_battery = 'Évaluation Physique Début de Saison'), (SELECT id_test FROM Tests WHERE test_name = 'Sit and Reach')), ((SELECT id_battery FROM Battery WHERE name_battery = 'Test de Puissance & Vitesse'), (SELECT id_test FROM Tests WHERE test_name = 'Sprint 30m')), ((SELECT id_battery FROM Battery WHERE name_battery = 'Test de Puissance & Vitesse'), (SELECT id_test FROM Tests WHERE test_name = 'Pro Agility 5-10-5'))
2026-08-26T18:46:38.544-04:00 DEBUG 27000 --- [athlets-backend] [  restartedMain] o.s.jdbc.datasource.init.ScriptUtils     : 1 returned as update count for SQL: INSERT INTO Result (id_test, id_athlete, id_intervenant, proof, status, comment, date_result) VALUES ((SELECT id_test FROM Tests WHERE test_name = '1RM Back Squat'), (SELECT id FROM User_Account WHERE username = 'trackUser1'), (SELECT id FROM User_Account WHERE username = 'coach-athletics'), 'https://proofs.etsmtl.ca/squat_trackuser1.mp4', 'Accepted', 'Excellente forme, valide.', '2026-05-10')
2026-08-26T18:46:38.552-04:00 DEBUG 27000 --- [athlets-backend] [  restartedMain] o.s.jdbc.datasource.init.ScriptUtils     : 1 returned as update count for SQL: INSERT INTO Result_Value (id_result, id_result_type, value) VALUES ((SELECT id_result FROM Result WHERE id_athlete = (SELECT id FROM User_Account WHERE username = 'trackUser1') AND id_test = (SELECT id_test FROM Tests WHERE test_name = '1RM Back Squat')), (SELECT id_result_type FROM Result_Type WHERE name = 'Poids maximal levé'), 140.50)
2026-08-26T18:46:38.557-04:00 DEBUG 27000 --- [athlets-backend] [  restartedMain] o.s.jdbc.datasource.init.ScriptUtils     : 1 returned as update count for SQL: INSERT INTO Result (id_test, id_athlete, id_intervenant, proof, status, comment, date_result) VALUES ((SELECT id_test FROM Tests WHERE test_name = 'Sprint 30m'), (SELECT id FROM User_Account WHERE username = 'trackUser1'), (SELECT id FROM User_Account WHERE username = 'coach-athletics'), 'https://proofs.etsmtl.ca/sprint_trackuser1.mp4', 'Accepted', 'Chrono validé par cellule photoélectrique.', '2026-05-12')
2026-08-26T18:46:38.562-04:00 DEBUG 27000 --- [athlets-backend] [  restartedMain] o.s.jdbc.datasource.init.ScriptUtils     : 1 returned as update count for SQL: INSERT INTO Result_Value (id_result, id_result_type, value) VALUES ((SELECT id_result FROM Result WHERE id_athlete = (SELECT id FROM User_Account WHERE username = 'trackUser1') AND id_test = (SELECT id_test FROM Tests WHERE test_name = 'Sprint 30m')), (SELECT id_result_type FROM Result_Type WHERE name = 'Temps total 30m'), 4.15)
2026-08-26T18:46:38.570-04:00 DEBUG 27000 --- [athlets-backend] [  restartedMain] o.s.jdbc.datasource.init.ScriptUtils     : 1 returned as update count for SQL: INSERT INTO Result (id_test, id_athlete, id_intervenant, proof, status, comment, date_result) VALUES ((SELECT id_test FROM Tests WHERE test_name = 'Test Léger-Boucher (Beep Test)'), (SELECT id FROM User_Account WHERE username = 'trackUser2'), (SELECT id FROM User_Account WHERE username = 'coach-athletics'), NULL, 'Pending approval', 'En attente de validation du kinésiologue.', '2026-05-15')
2026-08-26T18:46:38.576-04:00 DEBUG 27000 --- [athlets-backend] [  restartedMain] o.s.jdbc.datasource.init.ScriptUtils     : 2 returned as update count for SQL: INSERT INTO Result_Value (id_result, id_result_type, value) VALUES ((SELECT id_result FROM Result WHERE id_athlete = (SELECT id FROM User_Account WHERE username = 'trackUser2') AND id_test = (SELECT id_test FROM Tests WHERE test_name = 'Test Léger-Boucher (Beep Test)')), (SELECT id_result_type FROM Result_Type WHERE name = 'Palier atteint'), 11.00), ((SELECT id_result FROM Result WHERE id_athlete = (SELECT id FROM User_Account WHERE username = 'trackUser2') AND id_test = (SELECT id_test FROM Tests WHERE test_name = 'Test Léger-Boucher (Beep Test)')), (SELECT id_result_type FROM Result_Type WHERE name = 'Fréquence cardiaque max'), 188.00)
2026-08-26T18:46:38.583-04:00 DEBUG 27000 --- [athlets-backend] [  restartedMain] o.s.jdbc.datasource.init.ScriptUtils     : 1 returned as update count for SQL: INSERT INTO Result (id_test, id_athlete, id_intervenant, proof, status, comment, date_result) VALUES ((SELECT id_test FROM Tests WHERE test_name = 'Pro Agility 5-10-5'), (SELECT id FROM User_Account WHERE username = 'trackUser3'), (SELECT id FROM User_Account WHERE username = 'coach-athletics'), NULL, 'Assigned', 'À réaliser la semaine prochaine.', '2026-05-20')
2026-08-26T18:46:38.584-04:00 DEBUG 27000 --- [athlets-backend] [  restartedMain] o.s.jdbc.datasource.init.ScriptUtils     : Executed SQL script from file [C:\Users\mambe\LOG430\Athlets-back-end\target\classes\data.sql] in 429 ms.
2026-08-26T18:46:38.693-04:00  WARN 27000 --- [athlets-backend] [  restartedMain] ConfigServletWebServerApplicationContext : Exception encountered during context initialization - cancelling refresh attempt: org.springframework.context.ApplicationContextException: Failed to start bean 'webServerStartStop'
2026-08-26T18:46:38.703-04:00  INFO 27000 --- [athlets-backend] [  restartedMain] j.LocalContainerEntityManagerFactoryBean : Closing JPA EntityManagerFactory for persistence unit 'default'
2026-08-26T18:46:38.711-04:00  INFO 27000 --- [athlets-backend] [  restartedMain] com.zaxxer.hikari.HikariDataSource       : HikariPool-1 - Shutdown initiated...
2026-08-26T18:46:38.724-04:00  INFO 27000 --- [athlets-backend] [  restartedMain] com.zaxxer.hikari.HikariDataSource       : HikariPool-1 - Shutdown completed.
2026-08-26T18:46:38.753-04:00  INFO 27000 --- [athlets-backend] [  restartedMain] .s.b.a.l.ConditionEvaluationReportLogger : 

Error starting ApplicationContext. To display the condition evaluation report re-run your application with 'debug' enabled.
2026-08-26T18:46:38.782-04:00 ERROR 27000 --- [athlets-backend] [  restartedMain] o.s.b.d.LoggingFailureAnalysisReporter   : 

***************************
APPLICATION FAILED TO START
***************************

Description:

Web server failed to start. Port 8080 was already in use.

Action:

Identify and stop the process that's listening on port 8080 or configure this application to listen on another port.

[INFO] ------------------------------------------------------------------------
[INFO] BUILD SUCCESS
[INFO] ------------------------------------------------------------------------
[INFO] Total time:  22.471 s
[INFO] Finished at: 2026-08-26T18:46:39-04:00
[INFO] ------------------------------------------------------------------------
